Detecting compiler hash for triplet x64-windows...
Compiler found: C:/Program Files (x86)/Microsoft Visual Studio/2022/BuildTools/VC/Tools/MSVC/14.44.35207/bin/Hostx64/x64/cl.exe
The following packages are already installed:
    curl[core,sspi,ssl,non-http]:x64-windows@8.21.0#1
    ffmpeg[core,zlib,swscale,swresample,avformat,avfilter,avdevice,avcodec]:x64-windows@8.1.2#3
  * ffmpeg-bin2c:x64-windows@8.1.1
    pkgconf:x64-windows@3.0.3
  * vcpkg-cmake:x64-windows@2024-04-23
  * vcpkg-cmake-config:x64-windows@2024-05-23
  * vcpkg-cmake-get-vars:x64-windows@2025-05-29
  * vcpkg-pkgconfig-get-modules:x64-windows@2024-04-03
  * vcpkg-tool-meson:x64-windows@1.9.0#10
  * zlib:x64-windows@1.3.2#1
curl is compatible with built-in CMake targets:

    find_package(CURL REQUIRED)
    target_link_libraries(main PRIVATE CURL::libcurl)

pkgconf provides pkg-config modules:

  # a library for accessing and manipulating development framework configuration
  libpkgconf

ffmpeg provides CMake integration:

  find_package(FFMPEG REQUIRED)
  target_include_directories(main PRIVATE ${FFMPEG_INCLUDE_DIRS})
  target_link_directories(main PRIVATE ${FFMPEG_LIBRARY_DIRS})
  target_link_libraries(main PRIVATE ${FFMPEG_LIBRARIES})

ffmpeg provides pkg-config modules:

  # FFmpeg codec library
  libavcodec

  # FFmpeg device handling library
  libavdevice

  # FFmpeg audio/video filtering library
  libavfilter

  # FFmpeg container format library
  libavformat

  # FFmpeg utility library
  libavutil

  # FFmpeg audio resampling library
  libswresample

  # FFmpeg image rescaling library
  libswscale

All requested installations completed successfully in: 707 us
